import android.annotation.SuppressLint

// INTENTION_TEXT: Suppress: Add @SuppressLint("SdCardPath") annotation
// INSPECTION_CLASS: com.android.tools.idea.lint.inspections.AndroidLintSdCardPathInspection

class SdCard(@SuppressLint("SdCardPath") val path: String = "/sdcard")